⚠ [1601/1606] Replayed CircuitCorrectness.Affine
warning: CircuitCorrectness/Affine.lean:52:33: This simp argument is unused:
  add_assoc

Hint: Omit it from the simp argument list.
  simp [ih, add_left_comm,̵ ̵a̵d̵d̵_̵a̵s̵s̵o̵c̵]

Note: This linter can be disabled with `set_option linter.unusedSimpArgs false`
⚠ [1602/1606] Replayed CircuitCorrectness.ConcreteProgram
warning: CircuitCorrectness/ConcreteProgram.lean:257:61: This simp argument is unused:
  one_mul

Hint: Omit it from the simp argument list.
  simp only [expandLC, ̲List.map_cons, ̲List.map_nil, ̲evalLC, ̲List.sum_cons, ̲List.sum_nil,
        one_expand, ̲neg_one_expand, ̲cast_neg_one, ̲Nat.cast_one, ̲h1,o̵n̵e̵_̵m̵u̵l̵,̵ ̲add_zero, ̲mul_one]

Note: This linter can be disabled with `set_option linter.unusedSimpArgs false`
⚠ [1606/1606] Built CircuitCorrectness.HashWiringCertificates.Transfer (2.2s)
warning: CircuitCorrectness/HashWiringCertificates/Transfer.lean:23:10: This simp argument is unused:
  Function.comp_def

Hint: Omit it from the simp argument list.
  simp [F̵u̵n̵c̵t̵i̵o̵n̵.̵c̵o̵m̵p̵_̵d̵e̵f̵,̵ ̵rename8_input node i hi8, getElem!_pos, hin]

Note: This linter can be disabled with `set_option linter.unusedSimpArgs false`
Build completed successfully (1606 jobs).
