'CircuitCorrectness.modulus_prime' depends on axioms: [propext, Classical.choice, Quot.sound]
'CircuitCorrectness.chunk_fits' depends on axioms: [propext]
'CircuitCorrectness.signed_coefficients_fit' does not depend on any axioms
'CircuitCorrectness.ParameterChecks.first_row' depends on axioms: [propext, Quot.sound]
'CircuitCorrectness.ParameterChecks.reciprocal_construction' does not depend on any axioms
'CircuitCorrectness.ParameterChecks.red_count' does not depend on any axioms
'CircuitCorrectness.ParameterChecks.green_count' does not depend on any axioms
'CircuitCorrectness.ParameterChecks.blue_count' does not depend on any axioms
'CircuitCorrectness.ParameterChecks.retained_count' depends on axioms: [propext, Quot.sound]
'CircuitCorrectness.Example.soundness' depends on axioms: [propext, Classical.choice, Quot.sound]
'CircuitCorrectness.Example.completeness' depends on axioms: [propext, Classical.choice, Quot.sound]
'CircuitCorrectness.Example.determinism' depends on axioms: [propext, Classical.choice, Quot.sound]
'CircuitCorrectness.Example.missing_output_constraint_counterexample' depends on axioms: [propext,
 Classical.choice,
 Quot.sound]
'CircuitCorrectness.Gadgets.boolean_soundness' depends on axioms: [propext, Classical.choice, Quot.sound]
'CircuitCorrectness.Gadgets.boolean_completeness' depends on axioms: [propext, Classical.choice, Quot.sound]
'CircuitCorrectness.Gadgets.linear_output' depends on axioms: [propext, Classical.choice, Quot.sound]
'CircuitCorrectness.Gadgets.quintic_soundness' depends on axioms: [propext, Classical.choice, Quot.sound]
'CircuitCorrectness.Gadgets.quintic_completeness' depends on axioms: [propext, Classical.choice, Quot.sound]
'CircuitCorrectness.Gadgets.fused_horner' depends on axioms: [propext, Classical.choice, Quot.sound]
'CircuitCorrectness.Gadgets.horner_append' depends on axioms: [propext, Quot.sound]
'CircuitCorrectness.Arithmetic.two_stages_eq_direct' depends on axioms: [propext, Classical.choice, Quot.sound]
'CircuitCorrectness.Arithmetic.cast_firstStage' depends on axioms: [propext, Classical.choice, Quot.sound]
'CircuitCorrectness.Arithmetic.cast_secondStage' depends on axioms: [propext, Classical.choice, Quot.sound]
'CircuitCorrectness.Arithmetic.radix_packing_bound' depends on axioms: [propext, Classical.choice, Quot.sound]
'CircuitCorrectness.Arithmetic.pixel_packing_bound' depends on axioms: [propext, Quot.sound]
'CircuitCorrectness.Arithmetic.chunk_packing_bound' depends on axioms: [propext, Classical.choice, Quot.sound]
'CircuitCorrectness.Exported.row_count' depends on axioms: [propext, Quot.sound]
'CircuitCorrectness.Exported.challenge_alias' does not depend on any axioms
'CircuitCorrectness.Exported.counter_row_present' depends on axioms: [propext, Quot.sound]
'CircuitCorrectness.Exported.counter_transition' depends on axioms: [propext, Classical.choice, Quot.sound]
'CircuitCorrectness.Target.actual_challenge_preserved' does not depend on any axioms
'CircuitCorrectness.Target.determinism_of_soundness' depends on axioms: [propext, Classical.choice, Quot.sound]
'CircuitCorrectness.Byte.soundness' depends on axioms: [propext, Classical.choice, Quot.sound]
'CircuitCorrectness.Byte.complete_of_values' depends on axioms: [propext, Classical.choice, Quot.sound]
'CircuitCorrectness.ConcreteBytes.actual_prefix' depends on axioms: [propext, Classical.choice, Quot.sound]
'CircuitCorrectness.ConcreteBytes.soundness' depends on axioms: [propext, Classical.choice, Quot.sound]
'CircuitCorrectness.ConcreteBytes.complete_of_values' depends on axioms: [propext, Classical.choice, Quot.sound]
'CircuitCorrectness.ConcreteBytes.pixel_wire' depends on axioms: [propext, Quot.sound]
'CircuitCorrectness.Seed.matches_iff' depends on axioms: [propext, Classical.choice, Quot.sound]
'CircuitCorrectness.Seed.preserved' depends on axioms: [propext, Classical.choice, Quot.sound]
'CircuitCorrectness.ProgramCertificates.correct' depends on axioms: [propext, Classical.choice, Quot.sound]
'CircuitCorrectness.ProgramCertificates.wellFormed' depends on axioms: [propext, Classical.choice, Quot.sound]
'CircuitCorrectness.ProgramCertificates.execution_satisfies' depends on axioms: [propext, Classical.choice, Quot.sound]
'CircuitCorrectness.ProgramCertificates.execution_preserves' depends on axioms: [propext, Classical.choice, Quot.sound]
'CircuitCorrectness.DctProgramCertificates.firstProgram_satisfied' depends on axioms: [propext,
 Classical.choice,
 Quot.sound]
'CircuitCorrectness.DctProgramCertificates.hornerProgram_satisfied' depends on axioms: [propext,
 Classical.choice,
 Quot.sound]
'CircuitCorrectness.DctProgramCertificates.exported_dct_sound' depends on axioms: [propext,
 Classical.choice,
 Quot.sound]
'CircuitCorrectness.PackingCertificates.satisfied' depends on axioms: [propext, Classical.choice, Quot.sound]
'CircuitCorrectness.PoseidonProgram.hash_sound' depends on axioms: [propext, Classical.choice, Quot.sound]
'CircuitCorrectness.HashTrace.checkpoints_sound' depends on axioms: [propext, Classical.choice, Quot.sound]
'CircuitCorrectness.HashTrace2.template_sound' depends on axioms: [propext, Classical.choice, Quot.sound]
'CircuitCorrectness.HashTrace8.template_sound' depends on axioms: [propext, Classical.choice, Quot.sound]
'CircuitCorrectness.HashWiring.left_sat' depends on axioms: [propext, Classical.choice, Quot.sound]
'CircuitCorrectness.HashWiring.right_sat' depends on axioms: [propext, Classical.choice, Quot.sound]
'CircuitCorrectness.HashWiring.combine_sat' depends on axioms: [propext, Classical.choice, Quot.sound]
'CircuitCorrectness.HashWiring.sat48' depends on axioms: [propext, Classical.choice, Quot.sound]
'CircuitCorrectness.HashWiring.sat49' depends on axioms: [propext, Classical.choice, Quot.sound]
'CircuitCorrectness.HashWiring.sat50' depends on axioms: [propext, Classical.choice, Quot.sound]
'CircuitCorrectness.HashWiring.sat51' depends on axioms: [propext, Classical.choice, Quot.sound]
'CircuitCorrectness.HashWiring.left' depends on axioms: [propext, Classical.choice, Quot.sound]
'CircuitCorrectness.HashWiring.right' depends on axioms: [propext, Classical.choice, Quot.sound]
'CircuitCorrectness.HashWiring.combine' depends on axioms: [propext, Classical.choice, Quot.sound]
'CircuitCorrectness.HashWiring.digest_left' depends on axioms: [propext, Classical.choice, Quot.sound]
'CircuitCorrectness.HashWiring.digest_right' depends on axioms: [propext, Classical.choice, Quot.sound]
'CircuitCorrectness.HashWiring.digest_combine_value' depends on axioms: [propext, Classical.choice, Quot.sound]
'CircuitCorrectness.HashWiring.chain_value' depends on axioms: [propext, Classical.choice, Quot.sound]
'CircuitCorrectness.HashTree.chain_sound' depends on axioms: [propext, Classical.choice, Quot.sound]
'CircuitCorrectness.exists_satisfying_step' depends on axioms: [propext, Classical.choice, Quot.sound]
'CircuitCorrectness.Target.connected_steps_of_soundness' depends on axioms: [propext, Classical.choice, Quot.sound]
'CircuitCorrectness.DctSpec.coefficient_bounds' depends on axioms: [propext, Classical.choice, Quot.sound]
'CircuitCorrectness.DctSpec.coefficient_global_bounds' depends on axioms: [propext, Classical.choice, Quot.sound]
'CircuitCorrectness.DctSpec.bounded_cast_injective' depends on axioms: [propext, Classical.choice, Quot.sound]
'CircuitCorrectness.DctSpec.coefficient_cast_injective' depends on axioms: [propext, Classical.choice, Quot.sound]
'CircuitCorrectness.DctSpec.packedPixel_bound' depends on axioms: [propext, Quot.sound]
'CircuitCorrectness.DctSpec.packedChunk_bound' depends on axioms: [propext, Classical.choice, Quot.sound]
'CircuitCorrectness.DctSpec.packedChunk_field_bound' depends on axioms: [propext, Classical.choice, Quot.sound]
'CircuitCorrectness.DctSpec.packedChunk_cast_value' depends on axioms: [propext, Classical.choice, Quot.sound]
'CircuitCorrectness.DctSpec.first_row_pruning' depends on axioms: [propext, Quot.sound]
'CircuitCorrectness.DctSpec.omitted_zero' depends on axioms: [propext, Quot.sound]
