⚠ [1607/1870] Replayed CircuitCorrectness.Affine
warning: CircuitCorrectness/Affine.lean:52:33: This simp argument is unused:
  add_assoc

Hint: Omit it from the simp argument list.
  simp [ih, add_left_comm,̵ ̵a̵d̵d̵_̵a̵s̵s̵o̵c̵]

Note: This linter can be disabled with `set_option linter.unusedSimpArgs false`
⚠ [1608/1870] Replayed CircuitCorrectness.ConcreteProgram
warning: CircuitCorrectness/ConcreteProgram.lean:257:61: This simp argument is unused:
  one_mul

Hint: Omit it from the simp argument list.
  simp only [expandLC, ̲List.map_cons, ̲List.map_nil, ̲evalLC, ̲List.sum_cons, ̲List.sum_nil,
        one_expand, ̲neg_one_expand, ̲cast_neg_one, ̲Nat.cast_one, ̲h1,o̵n̵e̵_̵m̵u̵l̵,̵ ̲add_zero, ̲mul_one]

Note: This linter can be disabled with `set_option linter.unusedSimpArgs false`
⚠ [1625/1870] Replayed CircuitCorrectness.HashWiringCertificates.Transfer
warning: CircuitCorrectness/HashWiringCertificates/Transfer.lean:23:10: This simp argument is unused:
  Function.comp_def

Hint: Omit it from the simp argument list.
  simp [F̵u̵n̵c̵t̵i̵o̵n̵.̵c̵o̵m̵p̵_̵d̵e̵f̵,̵ ̵rename8_input node i hi8, getElem!_pos, hin]

Note: This linter can be disabled with `set_option linter.unusedSimpArgs false`
⚠ [1626/1870] Replayed CircuitCorrectness.PoseidonProgram
warning: CircuitCorrectness/PoseidonProgram.lean:38:15: unused variable `one`

Note: This linter can be disabled with `set_option linter.unusedVariables false`
warning: CircuitCorrectness/PoseidonProgram.lean:137:14: This simp argument is unused:
  Function.comp_def

Hint: Omit it from the simp argument list.
  simp [hc,̵ ̵F̵u̵n̵c̵t̵i̵o̵n̵.̵c̵o̵m̵p̵_̵d̵e̵f̵]

Note: This linter can be disabled with `set_option linter.unusedSimpArgs false`
warning: CircuitCorrectness/PoseidonProgram.lean:194:68: This simp argument is unused:
  one_mul

Hint: Omit it from the simp argument list.
  simp only [Instruction.value, Affine.eval_constant, Nat.cast_one, o̵n̵e̵_̵m̵u̵l̵,̵
  ̵ ̵ ̵ ̵ ̵h1, mul_one, Affine.eval_nil,
  ̲  ̲ ̲ ̲add_zero] at ho

Note: This linter can be disabled with `set_option linter.unusedSimpArgs false`
ℹ [1695/1870] Replayed CircuitCorrectness.HashTrace8.All
info: CircuitCorrectness/HashTrace8/All.lean:390:0: 'CircuitCorrectness.HashTrace8.template_sound' depends on axioms: [propext, Classical.choice, Quot.sound]
ℹ [1761/1870] Replayed CircuitCorrectness.HashTrace2.All
info: CircuitCorrectness/HashTrace2/All.lean:380:0: 'CircuitCorrectness.HashTrace2.template_sound' depends on axioms: [propext, Classical.choice, Quot.sound]
⚠ [1766/1870] Replayed CircuitCorrectness.PackingCertificates.Base
warning: CircuitCorrectness/PackingCertificates/Base.lean:32:17: This simp argument is unused:
  one_mul

Hint: Omit it from the simp argument list.
  simp only [Affine.eval_cons, ̲Affine.eval_nil, ̲ConcreteProgram.cast_neg_one,
  ̵  ̵ ̵ ̵Nat.cast_one,o̵
  ̲ ̲ ̲ ̲ ̲ne_̵m̵u̵l̵,̵n̵e̵g_one_mul, ̲h1, ̲add_zero, ̲mul_one]

Note: This linter can be disabled with `set_option linter.unusedSimpArgs false`
⚠ [1828/1870] Replayed CircuitCorrectness.DctProgram
warning: CircuitCorrectness/DctProgram.lean:71:2: try 'simp' instead of 'simpa'

Note: This linter can be disabled with `set_option linter.unnecessarySimpa false`
warning: CircuitCorrectness/DctProgram.lean:239:31: Used `tac1 <;> tac2` where `(tac1; tac2)` would suffice

Note: This linter can be disabled with `set_option linter.unnecessarySeqFocus false`
✔ [1868/1870] Built CircuitCorrectness (2.1s)
ℹ [1869/1870] Built Certification (2.0s)
info: Certification.lean:12:0: 'CircuitCorrectness.Target.step_soundness' depends on axioms: [propext, Classical.choice, Quot.sound]
info: Certification.lean:13:0: 'CircuitCorrectness.Target.step_completeness' depends on axioms: [propext, Classical.choice, Quot.sound]
info: Certification.lean:14:0: 'CircuitCorrectness.Target.step_determinism' depends on axioms: [propext, Classical.choice, Quot.sound]
info: Certification.lean:16:0: CircuitCorrectness.Target.connected_steps (images : ℕ → CircuitCorrectness.Spec.Image)
  (states : ℕ → CircuitCorrectness.Spec.State) (witnesses : ℕ → CircuitCorrectness.Assignment) (count : ℕ)
  (hc : CircuitCorrectness.Target.ConnectedSteps images states witnesses count) :
  states count = CircuitCorrectness.Target.execute images count (states 0)
info: Certification.lean:17:0: CircuitCorrectness.Target.connected360 (images : ℕ → CircuitCorrectness.Spec.Image)
  (states : ℕ → CircuitCorrectness.Spec.State) (witnesses : ℕ → CircuitCorrectness.Assignment)
  (hc : CircuitCorrectness.Target.ConnectedSteps images states witnesses 360) :
  states 360 = CircuitCorrectness.Target.execute images 360 (states 0)
info: Certification.lean:18:0: 'CircuitCorrectness.Target.connected360' depends on axioms: [propext, Classical.choice, Quot.sound]
Build completed successfully (1870 jobs).
