⚠ [1601/1606] Replayed CircuitCorrectness.Affine
warning: CircuitCorrectness/Affine.lean:52:33: This simp argument is unused:
  add_assoc

Hint: Omit it from the simp argument list.
  simp [ih, add_left_comm,̵ ̵a̵d̵d̵_̵a̵s̵s̵o̵c̵]

Note: This linter can be disabled with `set_option linter.unusedSimpArgs false`
⚠ [1602/1606] Replayed CircuitCorrectness.ConcreteProgram
warning: CircuitCorrectness/ConcreteProgram.lean:257:61: This simp argument is unused:
  one_mul

Hint: Omit it from the simp argument list.
  simp only [expandLC, ̲List.map_cons, ̲List.map_nil, ̲evalLC, ̲List.sum_cons, ̲List.sum_nil,
        one_expand, ̲neg_one_expand, ̲cast_neg_one, ̲Nat.cast_one, ̲h1,o̵n̵e̵_̵m̵u̵l̵,̵ ̲add_zero, ̲mul_one]

Note: This linter can be disabled with `set_option linter.unusedSimpArgs false`
⚠ [1605/1606] Replayed CircuitCorrectness.PoseidonProgram
warning: CircuitCorrectness/PoseidonProgram.lean:38:15: unused variable `one`

Note: This linter can be disabled with `set_option linter.unusedVariables false`
warning: CircuitCorrectness/PoseidonProgram.lean:136:14: This simp argument is unused:
  Function.comp_def

Hint: Omit it from the simp argument list.
  simp [hc,̵ ̵F̵u̵n̵c̵t̵i̵o̵n̵.̵c̵o̵m̵p̵_̵d̵e̵f̵]

Note: This linter can be disabled with `set_option linter.unusedSimpArgs false`
warning: CircuitCorrectness/PoseidonProgram.lean:193:68: This simp argument is unused:
  one_mul

Hint: Omit it from the simp argument list.
  simp only [Instruction.value, Affine.eval_constant, Nat.cast_one, o̵n̵e̵_̵m̵u̵l̵,̵
  ̵ ̵ ̵ ̵ ̵h1, mul_one, Affine.eval_nil,
  ̲  ̲ ̲ ̲add_zero] at ho

Note: This linter can be disabled with `set_option linter.unusedSimpArgs false`
✖ [1606/1606] Building CircuitCorrectness.HashCertificates.Probe (284s)
trace: .> LEAN_PATH=/Users/hanbunko/Downloads/zkCNN/VerImgCmp/circuit_correctness/lean/.lake/packages/Cli/.lake/build/lib/lean:/Users/hanbunko/Downloads/zkCNN/VerImgCmp/circuit_correctness/lean/.lake/packages/batteries/.lake/build/lib/lean:/Users/hanbunko/Downloads/zkCNN/VerImgCmp/circuit_correctness/lean/.lake/packages/Qq/.lake/build/lib/lean:/Users/hanbunko/Downloads/zkCNN/VerImgCmp/circuit_correctness/lean/.lake/packages/aesop/.lake/build/lib/lean:/Users/hanbunko/Downloads/zkCNN/VerImgCmp/circuit_correctness/lean/.lake/packages/proofwidgets/.lake/build/lib/lean:/Users/hanbunko/Downloads/zkCNN/VerImgCmp/circuit_correctness/lean/.lake/packages/importGraph/.lake/build/lib/lean:/Users/hanbunko/Downloads/zkCNN/VerImgCmp/circuit_correctness/lean/.lake/packages/LeanSearchClient/.lake/build/lib/lean:/Users/hanbunko/Downloads/zkCNN/VerImgCmp/circuit_correctness/lean/.lake/packages/plausible/.lake/build/lib/lean:/Users/hanbunko/Downloads/zkCNN/VerImgCmp/circuit_correctness/lean/.lake/packages/mathlib/.lake/build/lib/lean:/Users/hanbunko/Downloads/zkCNN/VerImgCmp/circuit_correctness/lean/.lake/build/lib/lean /Users/hanbunko/Downloads/zkCNN/VerImgCmp/circuit_correctness/.elan/toolchains/leanprover--lean4---v4.28.0/bin/lean /Users/hanbunko/Downloads/zkCNN/VerImgCmp/circuit_correctness/lean/CircuitCorrectness/HashCertificates/Probe.lean -o /Users/hanbunko/Downloads/zkCNN/VerImgCmp/circuit_correctness/lean/.lake/build/lib/lean/CircuitCorrectness/HashCertificates/Probe.olean -i /Users/hanbunko/Downloads/zkCNN/VerImgCmp/circuit_correctness/lean/.lake/build/lib/lean/CircuitCorrectness/HashCertificates/Probe.ilean -c /Users/hanbunko/Downloads/zkCNN/VerImgCmp/circuit_correctness/lean/.lake/build/ir/CircuitCorrectness/HashCertificates/Probe.c --setup /Users/hanbunko/Downloads/zkCNN/VerImgCmp/circuit_correctness/lean/.lake/build/ir/CircuitCorrectness/HashCertificates/Probe.setup.json --json
error: Lean exited with code 143
Some required targets logged failures:
- CircuitCorrectness.HashCertificates.Probe
error: build failed
