⚠ [1589/1672] Replayed CircuitCorrectness.Affine
warning: CircuitCorrectness/Affine.lean:52:33: This simp argument is unused:
  add_assoc

Hint: Omit it from the simp argument list.
  simp [ih, add_left_comm,̵ ̵a̵d̵d̵_̵a̵s̵s̵o̵c̵]

Note: This linter can be disabled with `set_option linter.unusedSimpArgs false`
⚠ [1597/1672] Replayed CircuitCorrectness.PoseidonProgram
warning: CircuitCorrectness/PoseidonProgram.lean:38:15: unused variable `one`

Note: This linter can be disabled with `set_option linter.unusedVariables false`
warning: CircuitCorrectness/PoseidonProgram.lean:137:14: This simp argument is unused:
  Function.comp_def

Hint: Omit it from the simp argument list.
  simp [hc,̵ ̵F̵u̵n̵c̵t̵i̵o̵n̵.̵c̵o̵m̵p̵_̵d̵e̵f̵]

Note: This linter can be disabled with `set_option linter.unusedSimpArgs false`
warning: CircuitCorrectness/PoseidonProgram.lean:194:68: This simp argument is unused:
  one_mul

Hint: Omit it from the simp argument list.
  simp only [Instruction.value, Affine.eval_constant, Nat.cast_one, o̵n̵e̵_̵m̵u̵l̵,̵
  ̵ ̵ ̵ ̵ ̵h1, mul_one, Affine.eval_nil,
  ̲  ̲ ̲ ̲add_zero] at ho

Note: This linter can be disabled with `set_option linter.unusedSimpArgs false`
⚠ [1604/1672] Replayed CircuitCorrectness.ConcreteProgram
warning: CircuitCorrectness/ConcreteProgram.lean:257:61: This simp argument is unused:
  one_mul

Hint: Omit it from the simp argument list.
  simp only [expandLC, ̲List.map_cons, ̲List.map_nil, ̲evalLC, ̲List.sum_cons, ̲List.sum_nil,
        one_expand, ̲neg_one_expand, ̲cast_neg_one, ̲Nat.cast_one, ̲h1,o̵n̵e̵_̵m̵u̵l̵,̵ ̲add_zero, ̲mul_one]

Note: This linter can be disabled with `set_option linter.unusedSimpArgs false`
✔ [1610/1737] Built CircuitCorrectness.HashTrace2.Round01 (3.3s)
✔ [1611/1737] Built CircuitCorrectness.HashTrace8.Round01 (5.2s)
✔ [1612/1737] Built CircuitCorrectness.HashTrace2.Round02 (3.1s)
✔ [1613/1737] Built CircuitCorrectness.HashTrace2.Round03 (3.1s)
✔ [1614/1737] Built CircuitCorrectness.HashTrace8.Round02 (5.0s)
✔ [1615/1737] Built CircuitCorrectness.HashTrace2.Round04 (2.8s)
✔ [1616/1737] Built CircuitCorrectness.HashTrace2.Round05 (2.0s)
✔ [1617/1737] Built CircuitCorrectness.HashTrace8.Round03 (5.2s)
✔ [1618/1737] Built CircuitCorrectness.HashTrace2.Round06 (3.2s)
✔ [1619/1737] Built CircuitCorrectness.HashTrace8.Round04 (3.6s)
✔ [1620/1737] Built CircuitCorrectness.HashTrace2.Round07 (3.1s)
✔ [1621/1737] Built CircuitCorrectness.HashTrace8.Round05 (3.6s)
✔ [1622/1737] Built CircuitCorrectness.HashTrace2.Round08 (3.2s)
✔ [1623/1737] Built CircuitCorrectness.HashTrace8.Round06 (3.8s)
✔ [1624/1737] Built CircuitCorrectness.HashTrace2.Round09 (3.4s)
✔ [1625/1737] Built CircuitCorrectness.HashTrace8.Round07 (3.7s)
✔ [1626/1737] Built CircuitCorrectness.HashTrace2.Round10 (3.2s)
✔ [1627/1737] Built CircuitCorrectness.HashTrace8.Round08 (3.7s)
✔ [1628/1737] Built CircuitCorrectness.HashTrace2.Round11 (3.1s)
✔ [1629/1737] Built CircuitCorrectness.HashTrace8.Round09 (3.8s)
✔ [1630/1737] Built CircuitCorrectness.HashTrace2.Round12 (3.3s)
✔ [1631/1737] Built CircuitCorrectness.HashTrace2.Round13 (3.3s)
✔ [1632/1737] Built CircuitCorrectness.HashTrace8.Round10 (3.8s)
✔ [1633/1737] Built CircuitCorrectness.HashTrace2.Round14 (3.5s)
✔ [1634/1737] Built CircuitCorrectness.HashTrace8.Round11 (3.9s)
✔ [1635/1737] Built CircuitCorrectness.HashTrace2.Round15 (3.5s)
✔ [1636/1737] Built CircuitCorrectness.HashTrace8.Round12 (3.9s)
✔ [1637/1737] Built CircuitCorrectness.HashTrace2.Round16 (3.5s)
✔ [1638/1737] Built CircuitCorrectness.HashTrace8.Round13 (4.1s)
✔ [1639/1737] Built CircuitCorrectness.HashTrace2.Round17 (3.7s)
✔ [1640/1737] Built CircuitCorrectness.HashTrace8.Round14 (4.2s)
✔ [1641/1737] Built CircuitCorrectness.HashTrace2.Round18 (3.6s)
✔ [1642/1737] Built CircuitCorrectness.HashTrace8.Round15 (4.1s)
✔ [1643/1737] Built CircuitCorrectness.HashTrace2.Round19 (3.9s)
✔ [1644/1737] Built CircuitCorrectness.HashTrace8.Round16 (4.7s)
✔ [1645/1737] Built CircuitCorrectness.HashTrace2.Round20 (4.1s)
✔ [1646/1737] Built CircuitCorrectness.HashTrace8.Round17 (4.9s)
✔ [1647/1737] Built CircuitCorrectness.HashTrace2.Round21 (4.6s)
✔ [1648/1737] Built CircuitCorrectness.HashTrace2.Round22 (4.4s)
✔ [1649/1737] Built CircuitCorrectness.HashTrace8.Round18 (5.0s)
✔ [1650/1737] Built CircuitCorrectness.HashTrace2.Round23 (16s)
✔ [1651/1737] Built CircuitCorrectness.HashTrace8.Round19 (20s)
✔ [1652/1737] Built CircuitCorrectness.HashTrace2.Round24 (207s)
✔ [1653/1737] Built CircuitCorrectness.HashTrace8.Round20 (203s)
✔ [1654/1737] Built CircuitCorrectness.HashTrace2.Round25 (50s)
✔ [1655/1737] Built CircuitCorrectness.HashTrace8.Round21 (52s)
✔ [1656/1737] Built CircuitCorrectness.HashTrace2.Round26 (83s)
✔ [1657/1737] Built CircuitCorrectness.HashTrace8.Round22 (82s)
✔ [1658/1737] Built CircuitCorrectness.HashTrace8.Round23 (115s)
✔ [1659/1737] Built CircuitCorrectness.HashTrace2.Round27 (116s)
✔ [1660/1737] Built CircuitCorrectness.HashTrace2.Round28 (96s)
✔ [1661/1737] Built CircuitCorrectness.HashTrace8.Round24 (96s)
✔ [1662/1737] Built CircuitCorrectness.HashTrace2.Round29 (66s)
✔ [1663/1737] Built CircuitCorrectness.HashTrace8.Round25 (70s)
✔ [1664/1737] Built CircuitCorrectness.HashTrace2.Round30 (155s)
✔ [1665/1737] Built CircuitCorrectness.HashTrace8.Round26 (154s)
✔ [1666/1737] Built CircuitCorrectness.HashTrace2.Round31 (21s)
✔ [1667/1737] Built CircuitCorrectness.HashTrace8.Round27 (22s)
✔ [1668/1737] Built CircuitCorrectness.HashTrace2.Round32 (11s)
✔ [1669/1737] Built CircuitCorrectness.HashTrace8.Round28 (9.3s)
✔ [1670/1737] Built CircuitCorrectness.HashTrace2.Round33 (4.0s)
✔ [1671/1737] Built CircuitCorrectness.HashTrace8.Round29 (6.4s)
✔ [1672/1737] Built CircuitCorrectness.HashTrace2.Round34 (5.1s)
✔ [1673/1737] Built CircuitCorrectness.HashTrace8.Round30 (6.3s)
✔ [1674/1737] Built CircuitCorrectness.HashTrace2.Round35 (5.3s)
✔ [1675/1737] Built CircuitCorrectness.HashTrace8.Round31 (6.5s)
✔ [1676/1737] Built CircuitCorrectness.HashTrace2.Round36 (5.4s)
✔ [1677/1737] Built CircuitCorrectness.HashTrace2.Round37 (5.4s)
✔ [1678/1737] Built CircuitCorrectness.HashTrace8.Round32 (6.7s)
✔ [1679/1737] Built CircuitCorrectness.HashTrace2.Round38 (5.7s)
✔ [1680/1737] Built CircuitCorrectness.HashTrace8.Round33 (6.8s)
✔ [1681/1737] Built CircuitCorrectness.HashTrace2.Round39 (5.7s)
✔ [1682/1737] Built CircuitCorrectness.HashTrace8.Round34 (6.8s)
✔ [1683/1737] Built CircuitCorrectness.HashTrace2.Round40 (6.1s)
✔ [1684/1737] Built CircuitCorrectness.HashTrace8.Round35 (12s)
✔ [1685/1737] Built CircuitCorrectness.HashTrace2.Round41 (11s)
✔ [1686/1737] Built CircuitCorrectness.HashTrace2.Round42 (6.3s)
✔ [1687/1737] Built CircuitCorrectness.HashTrace8.Round36 (7.9s)
✔ [1688/1737] Built CircuitCorrectness.HashTrace2.Round43 (6.2s)
✔ [1689/1737] Built CircuitCorrectness.HashTrace8.Round37 (8.2s)
✔ [1690/1737] Built CircuitCorrectness.HashTrace2.Round44 (9.1s)
✔ [1691/1737] Built CircuitCorrectness.HashTrace8.Round38 (9.8s)
✔ [1692/1737] Built CircuitCorrectness.HashTrace2.Round45 (6.2s)
✔ [1693/1737] Built CircuitCorrectness.HashTrace8.Round39 (7.9s)
✔ [1694/1737] Built CircuitCorrectness.HashTrace2.Round46 (6.2s)
✔ [1695/1737] Built CircuitCorrectness.HashTrace2.Round47 (7.9s)
✔ [1696/1737] Built CircuitCorrectness.HashTrace8.Round40 (9.7s)
✔ [1697/1737] Built CircuitCorrectness.HashTrace2.Round48 (6.7s)
✔ [1698/1737] Built CircuitCorrectness.HashTrace8.Round41 (8.0s)
✔ [1699/1737] Built CircuitCorrectness.HashTrace2.Round49 (6.6s)
✔ [1700/1737] Built CircuitCorrectness.HashTrace8.Round42 (8.7s)
✔ [1701/1737] Built CircuitCorrectness.HashTrace2.Round50 (8.5s)
✔ [1702/1737] Built CircuitCorrectness.HashTrace8.Round43 (9.7s)
✔ [1703/1737] Built CircuitCorrectness.HashTrace2.Round51 (6.8s)
✔ [1704/1737] Built CircuitCorrectness.HashTrace2.Round52 (6.7s)
✔ [1705/1737] Built CircuitCorrectness.HashTrace8.Round44 (8.4s)
✔ [1706/1737] Built CircuitCorrectness.HashTrace2.Round53 (9.8s)
✔ [1707/1737] Built CircuitCorrectness.HashTrace8.Round45 (12s)
✔ [1708/1737] Built CircuitCorrectness.HashTrace2.Round54 (8.8s)
✔ [1709/1737] Built CircuitCorrectness.HashTrace8.Round46 (10s)
✔ [1710/1737] Built CircuitCorrectness.HashTrace2.Round55 (9.5s)
✔ [1711/1737] Built CircuitCorrectness.HashTrace8.Round47 (10s)
✔ [1712/1737] Built CircuitCorrectness.HashTrace2.Round56 (7.4s)
✔ [1713/1737] Built CircuitCorrectness.HashTrace2.Round57 (8.0s)
✔ [1714/1737] Built CircuitCorrectness.HashTrace8.Round48 (9.9s)
✔ [1715/1737] Built CircuitCorrectness.HashTrace2.Round58 (11s)
✔ [1716/1737] Built CircuitCorrectness.HashTrace8.Round49 (14s)
✔ [1717/1737] Built CircuitCorrectness.HashTrace8.Round50 (12s)
✔ [1718/1737] Built CircuitCorrectness.HashTrace8.Round51 (44s)
✔ [1719/1737] Built CircuitCorrectness.HashTrace2.Round59 (64s)
✔ [1720/1737] Built CircuitCorrectness.HashTrace2.Round60 (5.6s)
✔ [1721/1737] Built CircuitCorrectness.HashTrace2.Round61 (5.4s)
✔ [1722/1737] Built CircuitCorrectness.HashTrace8.Round52 (18s)
✔ [1723/1737] Built CircuitCorrectness.HashTrace2.Round62 (4.8s)
✔ [1724/1737] Built CircuitCorrectness.HashTrace2.Output (2.9s)
✔ [1725/1737] Built CircuitCorrectness.HashTrace8.Round53 (10s)
✔ [1726/1737] Built CircuitCorrectness.HashTrace8.Round54 (9.7s)
✔ [1727/1737] Built CircuitCorrectness.HashTrace8.Round55 (10s)
✔ [1728/1737] Built CircuitCorrectness.HashTrace8.Round56 (9.7s)
✔ [1729/1737] Built CircuitCorrectness.HashTrace8.Round57 (9.9s)
✔ [1730/1737] Built CircuitCorrectness.HashTrace8.Round58 (10s)
✔ [1731/1737] Built CircuitCorrectness.HashTrace8.Round59 (10s)
✔ [1732/1737] Built CircuitCorrectness.HashTrace8.Round60 (10s)
✔ [1733/1737] Built CircuitCorrectness.HashTrace8.Round61 (188s)
✔ [1734/1737] Built CircuitCorrectness.HashTrace8.Round62 (10s)
✔ [1735/1737] Built CircuitCorrectness.HashTrace8.Round63 (6.1s)
✔ [1736/1737] Built CircuitCorrectness.HashTrace8.Round64 (4.5s)
✔ [1737/1737] Built CircuitCorrectness.HashTrace8.Output (2.2s)
Build completed successfully (1737 jobs).
